// Jest Snapshot v1, https://goo.gl/fbAQLP

exports[`Home should correctly match the snapshot 1`] = `
ShallowWrapper {
  Symbol(enzyme.__root__): [Circular],
  Symbol(enzyme.__unrendered__): <Home />,
  Symbol(enzyme.__renderer__): Object {
    "batchedUpdates": [Function],
    "checkPropTypes": [Function],
    "getNode": [Function],
    "render": [Function],
    "simulateError": [Function],
    "simulateEvent": [Function],
    "unmount": [Function],
  },
  Symbol(enzyme.__node__): Object {
    "instance": null,
    "key": undefined,
    "nodeType": "host",
    "props": Object {
      "children": Array [
        <div
          className="club-btns"
        >
          <button
            className="club-btn"
            onClick={[Function]}
            value="wedges"
          >
            wedges
          </button>
          <button
            className="club-btn"
            onClick={[Function]}
            value="irons"
          >
            irons
          </button>
          <button
            className="club-btn"
            onClick={[Function]}
            value="woods"
          >
            woods
          </button>
        </div>,
        <Connect(Feedback) />,
        <button
          className="take-shot-btn"
          onClick={[Function]}
        >
          track shot
        </button>,
        <button
          className="view-stats"
          onClick={[Function]}
        >
          view stats
        </button>,
      ],
      "className": "home",
    },
    "ref": null,
    "rendered": Array [
      Object {
        "instance": null,
        "key": undefined,
        "nodeType": "host",
        "props": Object {
          "children": Array [
            <button
              className="club-btn"
              onClick={[Function]}
              value="wedges"
            >
              wedges
            </button>,
            <button
              className="club-btn"
              onClick={[Function]}
              value="irons"
            >
              irons
            </button>,
            <button
              className="club-btn"
              onClick={[Function]}
              value="woods"
            >
              woods
            </button>,
          ],
          "className": "club-btns",
        },
        "ref": null,
        "rendered": Array [
          Object {
            "instance": null,
            "key": "wedges",
            "nodeType": "host",
            "props": Object {
              "children": "wedges",
              "className": "club-btn",
              "onClick": [Function],
              "value": "wedges",
            },
            "ref": null,
            "rendered": "wedges",
            "type": "button",
          },
          Object {
            "instance": null,
            "key": "irons",
            "nodeType": "host",
            "props": Object {
              "children": "irons",
              "className": "club-btn",
              "onClick": [Function],
              "value": "irons",
            },
            "ref": null,
            "rendered": "irons",
            "type": "button",
          },
          Object {
            "instance": null,
            "key": "woods",
            "nodeType": "host",
            "props": Object {
              "children": "woods",
              "className": "club-btn",
              "onClick": [Function],
              "value": "woods",
            },
            "ref": null,
            "rendered": "woods",
            "type": "button",
          },
        ],
        "type": "div",
      },
      Object {
        "instance": null,
        "key": undefined,
        "nodeType": "class",
        "props": Object {},
        "ref": null,
        "rendered": null,
        "type": [Function],
      },
      Object {
        "instance": null,
        "key": undefined,
        "nodeType": "host",
        "props": Object {
          "children": "track shot",
          "className": "take-shot-btn",
          "onClick": [Function],
        },
        "ref": null,
        "rendered": "track shot",
        "type": "button",
      },
      Object {
        "instance": null,
        "key": undefined,
        "nodeType": "host",
        "props": Object {
          "children": "view stats",
          "className": "view-stats",
          "onClick": [Function],
        },
        "ref": null,
        "rendered": "view stats",
        "type": "button",
      },
    ],
    "type": "div",
  },
  Symbol(enzyme.__nodes__): Array [
    Object {
      "instance": null,
      "key": undefined,
      "nodeType": "host",
      "props": Object {
        "children": Array [
          <div
            className="club-btns"
          >
            <button
              className="club-btn"
              onClick={[Function]}
              value="wedges"
            >
              wedges
            </button>
            <button
              className="club-btn"
              onClick={[Function]}
              value="irons"
            >
              irons
            </button>
            <button
              className="club-btn"
              onClick={[Function]}
              value="woods"
            >
              woods
            </button>
          </div>,
          <Connect(Feedback) />,
          <button
            className="take-shot-btn"
            onClick={[Function]}
          >
            track shot
          </button>,
          <button
            className="view-stats"
            onClick={[Function]}
          >
            view stats
          </button>,
        ],
        "className": "home",
      },
      "ref": null,
      "rendered": Array [
        Object {
          "instance": null,
          "key": undefined,
          "nodeType": "host",
          "props": Object {
            "children": Array [
              <button
                className="club-btn"
                onClick={[Function]}
                value="wedges"
              >
                wedges
              </button>,
              <button
                className="club-btn"
                onClick={[Function]}
                value="irons"
              >
                irons
              </button>,
              <button
                className="club-btn"
                onClick={[Function]}
                value="woods"
              >
                woods
              </button>,
            ],
            "className": "club-btns",
          },
          "ref": null,
          "rendered": Array [
            Object {
              "instance": null,
              "key": "wedges",
              "nodeType": "host",
              "props": Object {
                "children": "wedges",
                "className": "club-btn",
                "onClick": [Function],
                "value": "wedges",
              },
              "ref": null,
              "rendered": "wedges",
              "type": "button",
            },
            Object {
              "instance": null,
              "key": "irons",
              "nodeType": "host",
              "props": Object {
                "children": "irons",
                "className": "club-btn",
                "onClick": [Function],
                "value": "irons",
              },
              "ref": null,
              "rendered": "irons",
              "type": "button",
            },
            Object {
              "instance": null,
              "key": "woods",
              "nodeType": "host",
              "props": Object {
                "children": "woods",
                "className": "club-btn",
                "onClick": [Function],
                "value": "woods",
              },
              "ref": null,
              "rendered": "woods",
              "type": "button",
            },
          ],
          "type": "div",
        },
        Object {
          "instance": null,
          "key": undefined,
          "nodeType": "class",
          "props": Object {},
          "ref": null,
          "rendered": null,
          "type": [Function],
        },
        Object {
          "instance": null,
          "key": undefined,
          "nodeType": "host",
          "props": Object {
            "children": "track shot",
            "className": "take-shot-btn",
            "onClick": [Function],
          },
          "ref": null,
          "rendered": "track shot",
          "type": "button",
        },
        Object {
          "instance": null,
          "key": undefined,
          "nodeType": "host",
          "props": Object {
            "children": "view stats",
            "className": "view-stats",
            "onClick": [Function],
          },
          "ref": null,
          "rendered": "view stats",
          "type": "button",
        },
      ],
      "type": "div",
    },
  ],
  Symbol(enzyme.__options__): Object {
    "adapter": ReactSixteenAdapter {
      "options": Object {
        "enableComponentDidUpdateOnSetState": true,
        "legacyContextMode": "parent",
        "lifecycles": Object {
          "componentDidUpdate": Object {
            "onSetState": true,
          },
          "getChildContext": Object {
            "calledByRenderer": false,
          },
          "getDerivedStateFromProps": Object {
            "hasShouldComponentUpdateBug": false,
          },
          "getSnapshotBeforeUpdate": true,
          "setState": Object {
            "skipsComponentDidUpdateOnNullish": true,
          },
        },
      },
    },
  },
  Symbol(enzyme.__childContext__): null,
}
`;
