// Jest Snapshot v1, https://goo.gl/fbAQLP

exports[`NewUser should correctly match the snapshot 1`] = `
ShallowWrapper {
  Symbol(enzyme.__root__): [Circular],
  Symbol(enzyme.__unrendered__): <NewUser />,
  Symbol(enzyme.__renderer__): Object {
    "batchedUpdates": [Function],
    "checkPropTypes": [Function],
    "getNode": [Function],
    "render": [Function],
    "simulateError": [Function],
    "simulateEvent": [Function],
    "unmount": [Function],
  },
  Symbol(enzyme.__node__): Object {
    "instance": null,
    "key": undefined,
    "nodeType": "host",
    "props": Object {
      "children": Array [
        <label>
          name:
          <input
            name="name"
            onChange={[Function]}
            required={true}
            type="text"
            value=""
          />
        </label>,
        <label>
          email:
          <input
            name="email"
            onChange={[Function]}
            required={true}
            type="email"
            value=""
          />
        </label>,
        <label>
          password:
          <input
            name="password"
            onChange={[Function]}
            required={true}
            type="password"
            value=""
          />
        </label>,
        <label>
          confirm Password:
          <input
            name="confirmPassword"
            onChange={[Function]}
            required={true}
            type="password"
            value=""
          />
        </label>,
        <button>
          register
        </button>,
      ],
      "className": "new-user-form",
    },
    "ref": null,
    "rendered": Array [
      Object {
        "instance": null,
        "key": undefined,
        "nodeType": "host",
        "props": Object {
          "children": Array [
            "name:",
            <input
              name="name"
              onChange={[Function]}
              required={true}
              type="text"
              value=""
            />,
          ],
        },
        "ref": null,
        "rendered": Array [
          "name:",
          Object {
            "instance": null,
            "key": undefined,
            "nodeType": "host",
            "props": Object {
              "name": "name",
              "onChange": [Function],
              "required": true,
              "type": "text",
              "value": "",
            },
            "ref": null,
            "rendered": null,
            "type": "input",
          },
        ],
        "type": "label",
      },
      Object {
        "instance": null,
        "key": undefined,
        "nodeType": "host",
        "props": Object {
          "children": Array [
            "email:",
            <input
              name="email"
              onChange={[Function]}
              required={true}
              type="email"
              value=""
            />,
          ],
        },
        "ref": null,
        "rendered": Array [
          "email:",
          Object {
            "instance": null,
            "key": undefined,
            "nodeType": "host",
            "props": Object {
              "name": "email",
              "onChange": [Function],
              "required": true,
              "type": "email",
              "value": "",
            },
            "ref": null,
            "rendered": null,
            "type": "input",
          },
        ],
        "type": "label",
      },
      Object {
        "instance": null,
        "key": undefined,
        "nodeType": "host",
        "props": Object {
          "children": Array [
            "password:",
            <input
              name="password"
              onChange={[Function]}
              required={true}
              type="password"
              value=""
            />,
          ],
        },
        "ref": null,
        "rendered": Array [
          "password:",
          Object {
            "instance": null,
            "key": undefined,
            "nodeType": "host",
            "props": Object {
              "name": "password",
              "onChange": [Function],
              "required": true,
              "type": "password",
              "value": "",
            },
            "ref": null,
            "rendered": null,
            "type": "input",
          },
        ],
        "type": "label",
      },
      Object {
        "instance": null,
        "key": undefined,
        "nodeType": "host",
        "props": Object {
          "children": Array [
            "confirm Password:",
            <input
              name="confirmPassword"
              onChange={[Function]}
              required={true}
              type="password"
              value=""
            />,
          ],
        },
        "ref": null,
        "rendered": Array [
          "confirm Password:",
          Object {
            "instance": null,
            "key": undefined,
            "nodeType": "host",
            "props": Object {
              "name": "confirmPassword",
              "onChange": [Function],
              "required": true,
              "type": "password",
              "value": "",
            },
            "ref": null,
            "rendered": null,
            "type": "input",
          },
        ],
        "type": "label",
      },
      Object {
        "instance": null,
        "key": undefined,
        "nodeType": "host",
        "props": Object {
          "children": "register",
        },
        "ref": null,
        "rendered": "register",
        "type": "button",
      },
    ],
    "type": "form",
  },
  Symbol(enzyme.__nodes__): Array [
    Object {
      "instance": null,
      "key": undefined,
      "nodeType": "host",
      "props": Object {
        "children": Array [
          <label>
            name:
            <input
              name="name"
              onChange={[Function]}
              required={true}
              type="text"
              value=""
            />
          </label>,
          <label>
            email:
            <input
              name="email"
              onChange={[Function]}
              required={true}
              type="email"
              value=""
            />
          </label>,
          <label>
            password:
            <input
              name="password"
              onChange={[Function]}
              required={true}
              type="password"
              value=""
            />
          </label>,
          <label>
            confirm Password:
            <input
              name="confirmPassword"
              onChange={[Function]}
              required={true}
              type="password"
              value=""
            />
          </label>,
          <button>
            register
          </button>,
        ],
        "className": "new-user-form",
      },
      "ref": null,
      "rendered": Array [
        Object {
          "instance": null,
          "key": undefined,
          "nodeType": "host",
          "props": Object {
            "children": Array [
              "name:",
              <input
                name="name"
                onChange={[Function]}
                required={true}
                type="text"
                value=""
              />,
            ],
          },
          "ref": null,
          "rendered": Array [
            "name:",
            Object {
              "instance": null,
              "key": undefined,
              "nodeType": "host",
              "props": Object {
                "name": "name",
                "onChange": [Function],
                "required": true,
                "type": "text",
                "value": "",
              },
              "ref": null,
              "rendered": null,
              "type": "input",
            },
          ],
          "type": "label",
        },
        Object {
          "instance": null,
          "key": undefined,
          "nodeType": "host",
          "props": Object {
            "children": Array [
              "email:",
              <input
                name="email"
                onChange={[Function]}
                required={true}
                type="email"
                value=""
              />,
            ],
          },
          "ref": null,
          "rendered": Array [
            "email:",
            Object {
              "instance": null,
              "key": undefined,
              "nodeType": "host",
              "props": Object {
                "name": "email",
                "onChange": [Function],
                "required": true,
                "type": "email",
                "value": "",
              },
              "ref": null,
              "rendered": null,
              "type": "input",
            },
          ],
          "type": "label",
        },
        Object {
          "instance": null,
          "key": undefined,
          "nodeType": "host",
          "props": Object {
            "children": Array [
              "password:",
              <input
                name="password"
                onChange={[Function]}
                required={true}
                type="password"
                value=""
              />,
            ],
          },
          "ref": null,
          "rendered": Array [
            "password:",
            Object {
              "instance": null,
              "key": undefined,
              "nodeType": "host",
              "props": Object {
                "name": "password",
                "onChange": [Function],
                "required": true,
                "type": "password",
                "value": "",
              },
              "ref": null,
              "rendered": null,
              "type": "input",
            },
          ],
          "type": "label",
        },
        Object {
          "instance": null,
          "key": undefined,
          "nodeType": "host",
          "props": Object {
            "children": Array [
              "confirm Password:",
              <input
                name="confirmPassword"
                onChange={[Function]}
                required={true}
                type="password"
                value=""
              />,
            ],
          },
          "ref": null,
          "rendered": Array [
            "confirm Password:",
            Object {
              "instance": null,
              "key": undefined,
              "nodeType": "host",
              "props": Object {
                "name": "confirmPassword",
                "onChange": [Function],
                "required": true,
                "type": "password",
                "value": "",
              },
              "ref": null,
              "rendered": null,
              "type": "input",
            },
          ],
          "type": "label",
        },
        Object {
          "instance": null,
          "key": undefined,
          "nodeType": "host",
          "props": Object {
            "children": "register",
          },
          "ref": null,
          "rendered": "register",
          "type": "button",
        },
      ],
      "type": "form",
    },
  ],
  Symbol(enzyme.__options__): Object {
    "adapter": ReactSixteenAdapter {
      "options": Object {
        "enableComponentDidUpdateOnSetState": true,
        "legacyContextMode": "parent",
        "lifecycles": Object {
          "componentDidUpdate": Object {
            "onSetState": true,
          },
          "getChildContext": Object {
            "calledByRenderer": false,
          },
          "getDerivedStateFromProps": Object {
            "hasShouldComponentUpdateBug": false,
          },
          "getSnapshotBeforeUpdate": true,
          "setState": Object {
            "skipsComponentDidUpdateOnNullish": true,
          },
        },
      },
    },
  },
  Symbol(enzyme.__childContext__): null,
}
`;
