// Jest Snapshot v1, https://goo.gl/fbAQLP

exports[`Stats should correctly match the snapshot 1`] = `
ShallowWrapper {
  Symbol(enzyme.__root__): [Circular],
  Symbol(enzyme.__unrendered__): <Stats
    changeFilter={[MockFunction]}
    handleData={
      [MockFunction] {
        "calls": Array [
          Array [
            [Function],
            Object {
              "query": "{
    playerStats(playerId: 1){
      playerId
      todayGreatShotPercentage
      todayHookPercentage
      todayPullPercentage
      todayPushPercentage
      todaySlicePercentage
      todayDuffPercentage
    }
  }",
            },
          ],
        ],
        "results": Array [
          Object {
            "isThrow": false,
            "value": undefined,
          },
        ],
      }
    }
    isLoading={false}
    shotData={
      Object {
        "duffShotPercentage": 10,
        "greatShotPercentage": 10,
        "hookShotPercentage": 10,
        "pullShotPercentage": 10,
        "pushShotPercentage": 10,
        "sliceShotPercentage": 10,
      }
    }
  />,
  Symbol(enzyme.__renderer__): Object {
    "batchedUpdates": [Function],
    "checkPropTypes": [Function],
    "getNode": [Function],
    "render": [Function],
    "simulateError": [Function],
    "simulateEvent": [Function],
    "unmount": [Function],
  },
  Symbol(enzyme.__node__): Object {
    "instance": null,
    "key": undefined,
    "nodeType": "host",
    "props": Object {
      "children": Array [
        <div
          className="date-btns"
        >
          <button
            className="active-true"
            onClick={[Function]}
            value="today"
          >
            today
          </button>
          <button
            className="active-false"
            onClick={[Function]}
            value="all time"
          >
            all time
          </button>
        </div>,
        <div>
          <div
            className="graph-area"
          >
            <ReactMinimalPieChart
              animate={true}
              animationDuration={500}
              animationEasing="ease-out"
              className="graph"
              cx={50}
              cy={50}
              data={
                Array [
                  Object {
                    "color": "#ca0032",
                    "title": "Bad",
                    "value": NaN,
                  },
                  Object {
                    "color": "#FEE715",
                    "title": "OK",
                    "value": NaN,
                  },
                  Object {
                    "color": "#076652",
                    "title": "Great",
                    "value": undefined,
                  },
                ]
              }
              label={false}
              labelPosition={50}
              lengthAngle={180}
              lineWidth={100}
              paddingAngle={0}
              radius={50}
              ratio={1}
              rounded={false}
              startAngle={180}
            />
          </div>
          <div
            className="stats-breakdown"
          >
            <p
              className="ok-shots"
            >
              pull 
              <br />
              <span>
                %
              </span>
            </p>
            <p
              className="great-shots"
            >
              great 
              <br />
              <span>
                %
              </span>
            </p>
            <p
              className="ok-shots"
            >
              push 
              <br />
              <span>
                %
              </span>
            </p>
            <p
              className="bad-shots"
            >
              hook 
              <br />
              <span>
                %
              </span>
            </p>
            <p
              className="bad-shots"
            >
              duff 
              <br />
              <span>
                %
              </span>
            </p>
            <p
              className="bad-shots"
            >
              slice 
              <br />
              <span>
                %
              </span>
            </p>
          </div>
        </div>,
        <button
          className="back-btn"
          onClick={[Function]}
        >
          Back
        </button>,
      ],
      "className": "stats",
    },
    "ref": null,
    "rendered": Array [
      Object {
        "instance": null,
        "key": undefined,
        "nodeType": "host",
        "props": Object {
          "children": Array [
            <button
              className="active-true"
              onClick={[Function]}
              value="today"
            >
              today
            </button>,
            <button
              className="active-false"
              onClick={[Function]}
              value="all time"
            >
              all time
            </button>,
          ],
          "className": "date-btns",
        },
        "ref": null,
        "rendered": Array [
          Object {
            "instance": null,
            "key": undefined,
            "nodeType": "host",
            "props": Object {
              "children": "today",
              "className": "active-true",
              "onClick": [Function],
              "value": "today",
            },
            "ref": null,
            "rendered": "today",
            "type": "button",
          },
          Object {
            "instance": null,
            "key": undefined,
            "nodeType": "host",
            "props": Object {
              "children": "all time",
              "className": "active-false",
              "onClick": [Function],
              "value": "all time",
            },
            "ref": null,
            "rendered": "all time",
            "type": "button",
          },
        ],
        "type": "div",
      },
      Object {
        "instance": null,
        "key": undefined,
        "nodeType": "host",
        "props": Object {
          "children": Array [
            <div
              className="graph-area"
            >
              <ReactMinimalPieChart
                animate={true}
                animationDuration={500}
                animationEasing="ease-out"
                className="graph"
                cx={50}
                cy={50}
                data={
                  Array [
                    Object {
                      "color": "#ca0032",
                      "title": "Bad",
                      "value": NaN,
                    },
                    Object {
                      "color": "#FEE715",
                      "title": "OK",
                      "value": NaN,
                    },
                    Object {
                      "color": "#076652",
                      "title": "Great",
                      "value": undefined,
                    },
                  ]
                }
                label={false}
                labelPosition={50}
                lengthAngle={180}
                lineWidth={100}
                paddingAngle={0}
                radius={50}
                ratio={1}
                rounded={false}
                startAngle={180}
              />
            </div>,
            <div
              className="stats-breakdown"
            >
              <p
                className="ok-shots"
              >
                pull 
                <br />
                <span>
                  %
                </span>
              </p>
              <p
                className="great-shots"
              >
                great 
                <br />
                <span>
                  %
                </span>
              </p>
              <p
                className="ok-shots"
              >
                push 
                <br />
                <span>
                  %
                </span>
              </p>
              <p
                className="bad-shots"
              >
                hook 
                <br />
                <span>
                  %
                </span>
              </p>
              <p
                className="bad-shots"
              >
                duff 
                <br />
                <span>
                  %
                </span>
              </p>
              <p
                className="bad-shots"
              >
                slice 
                <br />
                <span>
                  %
                </span>
              </p>
            </div>,
          ],
        },
        "ref": null,
        "rendered": Array [
          Object {
            "instance": null,
            "key": undefined,
            "nodeType": "host",
            "props": Object {
              "children": <ReactMinimalPieChart
                animate={true}
                animationDuration={500}
                animationEasing="ease-out"
                className="graph"
                cx={50}
                cy={50}
                data={
                  Array [
                    Object {
                      "color": "#ca0032",
                      "title": "Bad",
                      "value": NaN,
                    },
                    Object {
                      "color": "#FEE715",
                      "title": "OK",
                      "value": NaN,
                    },
                    Object {
                      "color": "#076652",
                      "title": "Great",
                      "value": undefined,
                    },
                  ]
                }
                label={false}
                labelPosition={50}
                lengthAngle={180}
                lineWidth={100}
                paddingAngle={0}
                radius={50}
                ratio={1}
                rounded={false}
                startAngle={180}
              />,
              "className": "graph-area",
            },
            "ref": null,
            "rendered": Object {
              "instance": null,
              "key": undefined,
              "nodeType": "class",
              "props": Object {
                "animate": true,
                "animationDuration": 500,
                "animationEasing": "ease-out",
                "className": "graph",
                "cx": 50,
                "cy": 50,
                "data": Array [
                  Object {
                    "color": "#ca0032",
                    "title": "Bad",
                    "value": NaN,
                  },
                  Object {
                    "color": "#FEE715",
                    "title": "OK",
                    "value": NaN,
                  },
                  Object {
                    "color": "#076652",
                    "title": "Great",
                    "value": undefined,
                  },
                ],
                "label": false,
                "labelPosition": 50,
                "lengthAngle": 180,
                "lineWidth": 100,
                "onClick": undefined,
                "onMouseOut": undefined,
                "onMouseOver": undefined,
                "paddingAngle": 0,
                "radius": 50,
                "ratio": 1,
                "rounded": false,
                "startAngle": 180,
              },
              "ref": null,
              "rendered": null,
              "type": [Function],
            },
            "type": "div",
          },
          Object {
            "instance": null,
            "key": undefined,
            "nodeType": "host",
            "props": Object {
              "children": Array [
                <p
                  className="ok-shots"
                >
                  pull 
                  <br />
                  <span>
                    %
                  </span>
                </p>,
                <p
                  className="great-shots"
                >
                  great 
                  <br />
                  <span>
                    %
                  </span>
                </p>,
                <p
                  className="ok-shots"
                >
                  push 
                  <br />
                  <span>
                    %
                  </span>
                </p>,
                <p
                  className="bad-shots"
                >
                  hook 
                  <br />
                  <span>
                    %
                  </span>
                </p>,
                <p
                  className="bad-shots"
                >
                  duff 
                  <br />
                  <span>
                    %
                  </span>
                </p>,
                <p
                  className="bad-shots"
                >
                  slice 
                  <br />
                  <span>
                    %
                  </span>
                </p>,
              ],
              "className": "stats-breakdown",
            },
            "ref": null,
            "rendered": Array [
              Object {
                "instance": null,
                "key": undefined,
                "nodeType": "host",
                "props": Object {
                  "children": Array [
                    "pull ",
                    <br />,
                    <span>
                      %
                    </span>,
                  ],
                  "className": "ok-shots",
                },
                "ref": null,
                "rendered": Array [
                  "pull ",
                  Object {
                    "instance": null,
                    "key": undefined,
                    "nodeType": "host",
                    "props": Object {},
                    "ref": null,
                    "rendered": null,
                    "type": "br",
                  },
                  Object {
                    "instance": null,
                    "key": undefined,
                    "nodeType": "host",
                    "props": Object {
                      "children": Array [
                        undefined,
                        "%",
                      ],
                    },
                    "ref": null,
                    "rendered": Array [
                      undefined,
                      "%",
                    ],
                    "type": "span",
                  },
                ],
                "type": "p",
              },
              Object {
                "instance": null,
                "key": undefined,
                "nodeType": "host",
                "props": Object {
                  "children": Array [
                    "great ",
                    <br />,
                    <span>
                      %
                    </span>,
                  ],
                  "className": "great-shots",
                },
                "ref": null,
                "rendered": Array [
                  "great ",
                  Object {
                    "instance": null,
                    "key": undefined,
                    "nodeType": "host",
                    "props": Object {},
                    "ref": null,
                    "rendered": null,
                    "type": "br",
                  },
                  Object {
                    "instance": null,
                    "key": undefined,
                    "nodeType": "host",
                    "props": Object {
                      "children": Array [
                        undefined,
                        "%",
                      ],
                    },
                    "ref": null,
                    "rendered": Array [
                      undefined,
                      "%",
                    ],
                    "type": "span",
                  },
                ],
                "type": "p",
              },
              Object {
                "instance": null,
                "key": undefined,
                "nodeType": "host",
                "props": Object {
                  "children": Array [
                    "push ",
                    <br />,
                    <span>
                      %
                    </span>,
                  ],
                  "className": "ok-shots",
                },
                "ref": null,
                "rendered": Array [
                  "push ",
                  Object {
                    "instance": null,
                    "key": undefined,
                    "nodeType": "host",
                    "props": Object {},
                    "ref": null,
                    "rendered": null,
                    "type": "br",
                  },
                  Object {
                    "instance": null,
                    "key": undefined,
                    "nodeType": "host",
                    "props": Object {
                      "children": Array [
                        undefined,
                        "%",
                      ],
                    },
                    "ref": null,
                    "rendered": Array [
                      undefined,
                      "%",
                    ],
                    "type": "span",
                  },
                ],
                "type": "p",
              },
              Object {
                "instance": null,
                "key": undefined,
                "nodeType": "host",
                "props": Object {
                  "children": Array [
                    "hook ",
                    <br />,
                    <span>
                      %
                    </span>,
                  ],
                  "className": "bad-shots",
                },
                "ref": null,
                "rendered": Array [
                  "hook ",
                  Object {
                    "instance": null,
                    "key": undefined,
                    "nodeType": "host",
                    "props": Object {},
                    "ref": null,
                    "rendered": null,
                    "type": "br",
                  },
                  Object {
                    "instance": null,
                    "key": undefined,
                    "nodeType": "host",
                    "props": Object {
                      "children": Array [
                        undefined,
                        "%",
                      ],
                    },
                    "ref": null,
                    "rendered": Array [
                      undefined,
                      "%",
                    ],
                    "type": "span",
                  },
                ],
                "type": "p",
              },
              Object {
                "instance": null,
                "key": undefined,
                "nodeType": "host",
                "props": Object {
                  "children": Array [
                    "duff ",
                    <br />,
                    <span>
                      %
                    </span>,
                  ],
                  "className": "bad-shots",
                },
                "ref": null,
                "rendered": Array [
                  "duff ",
                  Object {
                    "instance": null,
                    "key": undefined,
                    "nodeType": "host",
                    "props": Object {},
                    "ref": null,
                    "rendered": null,
                    "type": "br",
                  },
                  Object {
                    "instance": null,
                    "key": undefined,
                    "nodeType": "host",
                    "props": Object {
                      "children": Array [
                        undefined,
                        "%",
                      ],
                    },
                    "ref": null,
                    "rendered": Array [
                      undefined,
                      "%",
                    ],
                    "type": "span",
                  },
                ],
                "type": "p",
              },
              Object {
                "instance": null,
                "key": undefined,
                "nodeType": "host",
                "props": Object {
                  "children": Array [
                    "slice ",
                    <br />,
                    <span>
                      %
                    </span>,
                  ],
                  "className": "bad-shots",
                },
                "ref": null,
                "rendered": Array [
                  "slice ",
                  Object {
                    "instance": null,
                    "key": undefined,
                    "nodeType": "host",
                    "props": Object {},
                    "ref": null,
                    "rendered": null,
                    "type": "br",
                  },
                  Object {
                    "instance": null,
                    "key": undefined,
                    "nodeType": "host",
                    "props": Object {
                      "children": Array [
                        undefined,
                        "%",
                      ],
                    },
                    "ref": null,
                    "rendered": Array [
                      undefined,
                      "%",
                    ],
                    "type": "span",
                  },
                ],
                "type": "p",
              },
            ],
            "type": "div",
          },
        ],
        "type": "div",
      },
      Object {
        "instance": null,
        "key": undefined,
        "nodeType": "host",
        "props": Object {
          "children": "Back",
          "className": "back-btn",
          "onClick": [Function],
        },
        "ref": null,
        "rendered": "Back",
        "type": "button",
      },
    ],
    "type": "div",
  },
  Symbol(enzyme.__nodes__): Array [
    Object {
      "instance": null,
      "key": undefined,
      "nodeType": "host",
      "props": Object {
        "children": Array [
          <div
            className="date-btns"
          >
            <button
              className="active-true"
              onClick={[Function]}
              value="today"
            >
              today
            </button>
            <button
              className="active-false"
              onClick={[Function]}
              value="all time"
            >
              all time
            </button>
          </div>,
          <div>
            <div
              className="graph-area"
            >
              <ReactMinimalPieChart
                animate={true}
                animationDuration={500}
                animationEasing="ease-out"
                className="graph"
                cx={50}
                cy={50}
                data={
                  Array [
                    Object {
                      "color": "#ca0032",
                      "title": "Bad",
                      "value": NaN,
                    },
                    Object {
                      "color": "#FEE715",
                      "title": "OK",
                      "value": NaN,
                    },
                    Object {
                      "color": "#076652",
                      "title": "Great",
                      "value": undefined,
                    },
                  ]
                }
                label={false}
                labelPosition={50}
                lengthAngle={180}
                lineWidth={100}
                paddingAngle={0}
                radius={50}
                ratio={1}
                rounded={false}
                startAngle={180}
              />
            </div>
            <div
              className="stats-breakdown"
            >
              <p
                className="ok-shots"
              >
                pull 
                <br />
                <span>
                  %
                </span>
              </p>
              <p
                className="great-shots"
              >
                great 
                <br />
                <span>
                  %
                </span>
              </p>
              <p
                className="ok-shots"
              >
                push 
                <br />
                <span>
                  %
                </span>
              </p>
              <p
                className="bad-shots"
              >
                hook 
                <br />
                <span>
                  %
                </span>
              </p>
              <p
                className="bad-shots"
              >
                duff 
                <br />
                <span>
                  %
                </span>
              </p>
              <p
                className="bad-shots"
              >
                slice 
                <br />
                <span>
                  %
                </span>
              </p>
            </div>
          </div>,
          <button
            className="back-btn"
            onClick={[Function]}
          >
            Back
          </button>,
        ],
        "className": "stats",
      },
      "ref": null,
      "rendered": Array [
        Object {
          "instance": null,
          "key": undefined,
          "nodeType": "host",
          "props": Object {
            "children": Array [
              <button
                className="active-true"
                onClick={[Function]}
                value="today"
              >
                today
              </button>,
              <button
                className="active-false"
                onClick={[Function]}
                value="all time"
              >
                all time
              </button>,
            ],
            "className": "date-btns",
          },
          "ref": null,
          "rendered": Array [
            Object {
              "instance": null,
              "key": undefined,
              "nodeType": "host",
              "props": Object {
                "children": "today",
                "className": "active-true",
                "onClick": [Function],
                "value": "today",
              },
              "ref": null,
              "rendered": "today",
              "type": "button",
            },
            Object {
              "instance": null,
              "key": undefined,
              "nodeType": "host",
              "props": Object {
                "children": "all time",
                "className": "active-false",
                "onClick": [Function],
                "value": "all time",
              },
              "ref": null,
              "rendered": "all time",
              "type": "button",
            },
          ],
          "type": "div",
        },
        Object {
          "instance": null,
          "key": undefined,
          "nodeType": "host",
          "props": Object {
            "children": Array [
              <div
                className="graph-area"
              >
                <ReactMinimalPieChart
                  animate={true}
                  animationDuration={500}
                  animationEasing="ease-out"
                  className="graph"
                  cx={50}
                  cy={50}
                  data={
                    Array [
                      Object {
                        "color": "#ca0032",
                        "title": "Bad",
                        "value": NaN,
                      },
                      Object {
                        "color": "#FEE715",
                        "title": "OK",
                        "value": NaN,
                      },
                      Object {
                        "color": "#076652",
                        "title": "Great",
                        "value": undefined,
                      },
                    ]
                  }
                  label={false}
                  labelPosition={50}
                  lengthAngle={180}
                  lineWidth={100}
                  paddingAngle={0}
                  radius={50}
                  ratio={1}
                  rounded={false}
                  startAngle={180}
                />
              </div>,
              <div
                className="stats-breakdown"
              >
                <p
                  className="ok-shots"
                >
                  pull 
                  <br />
                  <span>
                    %
                  </span>
                </p>
                <p
                  className="great-shots"
                >
                  great 
                  <br />
                  <span>
                    %
                  </span>
                </p>
                <p
                  className="ok-shots"
                >
                  push 
                  <br />
                  <span>
                    %
                  </span>
                </p>
                <p
                  className="bad-shots"
                >
                  hook 
                  <br />
                  <span>
                    %
                  </span>
                </p>
                <p
                  className="bad-shots"
                >
                  duff 
                  <br />
                  <span>
                    %
                  </span>
                </p>
                <p
                  className="bad-shots"
                >
                  slice 
                  <br />
                  <span>
                    %
                  </span>
                </p>
              </div>,
            ],
          },
          "ref": null,
          "rendered": Array [
            Object {
              "instance": null,
              "key": undefined,
              "nodeType": "host",
              "props": Object {
                "children": <ReactMinimalPieChart
                  animate={true}
                  animationDuration={500}
                  animationEasing="ease-out"
                  className="graph"
                  cx={50}
                  cy={50}
                  data={
                    Array [
                      Object {
                        "color": "#ca0032",
                        "title": "Bad",
                        "value": NaN,
                      },
                      Object {
                        "color": "#FEE715",
                        "title": "OK",
                        "value": NaN,
                      },
                      Object {
                        "color": "#076652",
                        "title": "Great",
                        "value": undefined,
                      },
                    ]
                  }
                  label={false}
                  labelPosition={50}
                  lengthAngle={180}
                  lineWidth={100}
                  paddingAngle={0}
                  radius={50}
                  ratio={1}
                  rounded={false}
                  startAngle={180}
                />,
                "className": "graph-area",
              },
              "ref": null,
              "rendered": Object {
                "instance": null,
                "key": undefined,
                "nodeType": "class",
                "props": Object {
                  "animate": true,
                  "animationDuration": 500,
                  "animationEasing": "ease-out",
                  "className": "graph",
                  "cx": 50,
                  "cy": 50,
                  "data": Array [
                    Object {
                      "color": "#ca0032",
                      "title": "Bad",
                      "value": NaN,
                    },
                    Object {
                      "color": "#FEE715",
                      "title": "OK",
                      "value": NaN,
                    },
                    Object {
                      "color": "#076652",
                      "title": "Great",
                      "value": undefined,
                    },
                  ],
                  "label": false,
                  "labelPosition": 50,
                  "lengthAngle": 180,
                  "lineWidth": 100,
                  "onClick": undefined,
                  "onMouseOut": undefined,
                  "onMouseOver": undefined,
                  "paddingAngle": 0,
                  "radius": 50,
                  "ratio": 1,
                  "rounded": false,
                  "startAngle": 180,
                },
                "ref": null,
                "rendered": null,
                "type": [Function],
              },
              "type": "div",
            },
            Object {
              "instance": null,
              "key": undefined,
              "nodeType": "host",
              "props": Object {
                "children": Array [
                  <p
                    className="ok-shots"
                  >
                    pull 
                    <br />
                    <span>
                      %
                    </span>
                  </p>,
                  <p
                    className="great-shots"
                  >
                    great 
                    <br />
                    <span>
                      %
                    </span>
                  </p>,
                  <p
                    className="ok-shots"
                  >
                    push 
                    <br />
                    <span>
                      %
                    </span>
                  </p>,
                  <p
                    className="bad-shots"
                  >
                    hook 
                    <br />
                    <span>
                      %
                    </span>
                  </p>,
                  <p
                    className="bad-shots"
                  >
                    duff 
                    <br />
                    <span>
                      %
                    </span>
                  </p>,
                  <p
                    className="bad-shots"
                  >
                    slice 
                    <br />
                    <span>
                      %
                    </span>
                  </p>,
                ],
                "className": "stats-breakdown",
              },
              "ref": null,
              "rendered": Array [
                Object {
                  "instance": null,
                  "key": undefined,
                  "nodeType": "host",
                  "props": Object {
                    "children": Array [
                      "pull ",
                      <br />,
                      <span>
                        %
                      </span>,
                    ],
                    "className": "ok-shots",
                  },
                  "ref": null,
                  "rendered": Array [
                    "pull ",
                    Object {
                      "instance": null,
                      "key": undefined,
                      "nodeType": "host",
                      "props": Object {},
                      "ref": null,
                      "rendered": null,
                      "type": "br",
                    },
                    Object {
                      "instance": null,
                      "key": undefined,
                      "nodeType": "host",
                      "props": Object {
                        "children": Array [
                          undefined,
                          "%",
                        ],
                      },
                      "ref": null,
                      "rendered": Array [
                        undefined,
                        "%",
                      ],
                      "type": "span",
                    },
                  ],
                  "type": "p",
                },
                Object {
                  "instance": null,
                  "key": undefined,
                  "nodeType": "host",
                  "props": Object {
                    "children": Array [
                      "great ",
                      <br />,
                      <span>
                        %
                      </span>,
                    ],
                    "className": "great-shots",
                  },
                  "ref": null,
                  "rendered": Array [
                    "great ",
                    Object {
                      "instance": null,
                      "key": undefined,
                      "nodeType": "host",
                      "props": Object {},
                      "ref": null,
                      "rendered": null,
                      "type": "br",
                    },
                    Object {
                      "instance": null,
                      "key": undefined,
                      "nodeType": "host",
                      "props": Object {
                        "children": Array [
                          undefined,
                          "%",
                        ],
                      },
                      "ref": null,
                      "rendered": Array [
                        undefined,
                        "%",
                      ],
                      "type": "span",
                    },
                  ],
                  "type": "p",
                },
                Object {
                  "instance": null,
                  "key": undefined,
                  "nodeType": "host",
                  "props": Object {
                    "children": Array [
                      "push ",
                      <br />,
                      <span>
                        %
                      </span>,
                    ],
                    "className": "ok-shots",
                  },
                  "ref": null,
                  "rendered": Array [
                    "push ",
                    Object {
                      "instance": null,
                      "key": undefined,
                      "nodeType": "host",
                      "props": Object {},
                      "ref": null,
                      "rendered": null,
                      "type": "br",
                    },
                    Object {
                      "instance": null,
                      "key": undefined,
                      "nodeType": "host",
                      "props": Object {
                        "children": Array [
                          undefined,
                          "%",
                        ],
                      },
                      "ref": null,
                      "rendered": Array [
                        undefined,
                        "%",
                      ],
                      "type": "span",
                    },
                  ],
                  "type": "p",
                },
                Object {
                  "instance": null,
                  "key": undefined,
                  "nodeType": "host",
                  "props": Object {
                    "children": Array [
                      "hook ",
                      <br />,
                      <span>
                        %
                      </span>,
                    ],
                    "className": "bad-shots",
                  },
                  "ref": null,
                  "rendered": Array [
                    "hook ",
                    Object {
                      "instance": null,
                      "key": undefined,
                      "nodeType": "host",
                      "props": Object {},
                      "ref": null,
                      "rendered": null,
                      "type": "br",
                    },
                    Object {
                      "instance": null,
                      "key": undefined,
                      "nodeType": "host",
                      "props": Object {
                        "children": Array [
                          undefined,
                          "%",
                        ],
                      },
                      "ref": null,
                      "rendered": Array [
                        undefined,
                        "%",
                      ],
                      "type": "span",
                    },
                  ],
                  "type": "p",
                },
                Object {
                  "instance": null,
                  "key": undefined,
                  "nodeType": "host",
                  "props": Object {
                    "children": Array [
                      "duff ",
                      <br />,
                      <span>
                        %
                      </span>,
                    ],
                    "className": "bad-shots",
                  },
                  "ref": null,
                  "rendered": Array [
                    "duff ",
                    Object {
                      "instance": null,
                      "key": undefined,
                      "nodeType": "host",
                      "props": Object {},
                      "ref": null,
                      "rendered": null,
                      "type": "br",
                    },
                    Object {
                      "instance": null,
                      "key": undefined,
                      "nodeType": "host",
                      "props": Object {
                        "children": Array [
                          undefined,
                          "%",
                        ],
                      },
                      "ref": null,
                      "rendered": Array [
                        undefined,
                        "%",
                      ],
                      "type": "span",
                    },
                  ],
                  "type": "p",
                },
                Object {
                  "instance": null,
                  "key": undefined,
                  "nodeType": "host",
                  "props": Object {
                    "children": Array [
                      "slice ",
                      <br />,
                      <span>
                        %
                      </span>,
                    ],
                    "className": "bad-shots",
                  },
                  "ref": null,
                  "rendered": Array [
                    "slice ",
                    Object {
                      "instance": null,
                      "key": undefined,
                      "nodeType": "host",
                      "props": Object {},
                      "ref": null,
                      "rendered": null,
                      "type": "br",
                    },
                    Object {
                      "instance": null,
                      "key": undefined,
                      "nodeType": "host",
                      "props": Object {
                        "children": Array [
                          undefined,
                          "%",
                        ],
                      },
                      "ref": null,
                      "rendered": Array [
                        undefined,
                        "%",
                      ],
                      "type": "span",
                    },
                  ],
                  "type": "p",
                },
              ],
              "type": "div",
            },
          ],
          "type": "div",
        },
        Object {
          "instance": null,
          "key": undefined,
          "nodeType": "host",
          "props": Object {
            "children": "Back",
            "className": "back-btn",
            "onClick": [Function],
          },
          "ref": null,
          "rendered": "Back",
          "type": "button",
        },
      ],
      "type": "div",
    },
  ],
  Symbol(enzyme.__options__): Object {
    "adapter": ReactSixteenAdapter {
      "options": Object {
        "enableComponentDidUpdateOnSetState": true,
        "legacyContextMode": "parent",
        "lifecycles": Object {
          "componentDidUpdate": Object {
            "onSetState": true,
          },
          "getChildContext": Object {
            "calledByRenderer": false,
          },
          "getDerivedStateFromProps": Object {
            "hasShouldComponentUpdateBug": false,
          },
          "getSnapshotBeforeUpdate": true,
          "setState": Object {
            "skipsComponentDidUpdateOnNullish": true,
          },
        },
      },
    },
  },
  Symbol(enzyme.__childContext__): null,
}
`;
